// Jest Snapshot v1, https://goo.gl/fbAQLP

exports[`renders correctly 1`] = `
<Icon.ToolbarAndroid
  actions={
    Array [
      Object {
        "iconName": "plus",
        "show": "always",
        "title": "Add Product",
      },
    ]
  }
  navIconName="bars"
  onActionSelected={[Function]}
  onIconClicked={[Function]}
  style={
    Object {
      "backgroundColor": "dodgerblue",
      "height": 56,
    }
  }
  title="Antiques"
  titleColor="white"
/>
`;
