// Jest Snapshot v1, https://goo.gl/fbAQLP

exports[`renders successfully 1`] = `
<View
  style={
    Object {
      "alignItems": "center",
    }
  }
>
  <View
    style={
      Object {
        "height": 150,
        "width": 150,
      }
    }
  >
    <View
      style={
        Object {
          "alignItems": "center",
          "borderRadius": 1,
          "borderStyle": "dotted",
          "borderWidth": 4,
          "flex": 1,
          "justifyContent": "center",
        }
      }
    >
      <Text
        accessible={true}
        allowFontScaling={true}
        ellipsizeMode="tail"
      >
        Place for an Image
      </Text>
    </View>
  </View>
  <View
    style={
      Object {
        "paddingBottom": 10,
        "paddingTop": 10,
        "width": 150,
      }
    }
  >
    <View
      accessibilityComponentType="button"
      accessibilityLabel={undefined}
      accessibilityTraits={
        Array [
          "button",
        ]
      }
      accessible={true}
      hitSlop={undefined}
      isTVSelectable={true}
      onLayout={undefined}
      onResponderGrant={[Function]}
      onResponderMove={[Function]}
      onResponderRelease={[Function]}
      onResponderTerminate={[Function]}
      onResponderTerminationRequest={[Function]}
      onStartShouldSetResponder={[Function]}
      style={
        Object {
          "opacity": 1,
        }
      }
      testID={undefined}
      tvParallaxProperties={undefined}
    >
      <View
        style={
          Array [
            Object {},
          ]
        }
      >
        <Text
          accessible={true}
          allowFontScaling={true}
          ellipsizeMode="tail"
          style={
            Array [
              Object {
                "color": "#0C42FD",
                "fontSize": 18,
                "padding": 8,
                "textAlign": "center",
              },
            ]
          }
        >
          Select Image
        </Text>
      </View>
    </View>
  </View>
</View>
`;
