// Jest Snapshot v1, https://goo.gl/fbAQLP

exports[`renders successfully 1`] = `
<View
  style={
    Object {
      "padding": 10,
    }
  }
>
  <View
    style={
      Object {
        "alignItems": "center",
      }
    }
  >
    <View
      style={
        Object {
          "height": 150,
          "width": 150,
        }
      }
    >
      <View
        style={
          Object {
            "alignItems": "center",
            "borderRadius": 1,
            "borderStyle": "dotted",
            "borderWidth": 4,
            "flex": 1,
            "justifyContent": "center",
          }
        }
      >
        <Text
          accessible={true}
          allowFontScaling={true}
          ellipsizeMode="tail"
        >
          Place for an Image
        </Text>
      </View>
    </View>
    <View
      style={
        Object {
          "paddingBottom": 10,
          "paddingTop": 10,
          "width": 150,
        }
      }
    >
      <View
        accessibilityComponentType="button"
        accessibilityLabel={undefined}
        accessibilityTraits={
          Array [
            "button",
          ]
        }
        accessible={true}
        hitSlop={undefined}
        isTVSelectable={true}
        onLayout={undefined}
        onResponderGrant={[Function]}
        onResponderMove={[Function]}
        onResponderRelease={[Function]}
        onResponderTerminate={[Function]}
        onResponderTerminationRequest={[Function]}
        onStartShouldSetResponder={[Function]}
        style={
          Object {
            "opacity": 1,
          }
        }
        testID={undefined}
        tvParallaxProperties={undefined}
      >
        <View
          style={
            Array [
              Object {},
            ]
          }
        >
          <Text
            accessible={true}
            allowFontScaling={true}
            ellipsizeMode="tail"
            style={
              Array [
                Object {
                  "color": "#0C42FD",
                  "fontSize": 18,
                  "padding": 8,
                  "textAlign": "center",
                },
              ]
            }
          >
            Select Image
          </Text>
        </View>
      </View>
    </View>
  </View>
  <View
    style={Object {}}
  >
    <View
      style={
        Object {
          "marginBottom": 10,
        }
      }
    >
      <Text
        accessible={true}
        allowFontScaling={true}
        ellipsizeMode="tail"
        style={
          Object {
            "color": "#000000",
            "fontSize": 17,
            "fontWeight": "500",
            "marginBottom": 7,
          }
        }
      >
        Name
      </Text>
      <View
        style={Object {}}
      >
        <TextInput
          accessibilityLabel="Name"
          autoCapitalize={undefined}
          autoCorrect={undefined}
          autoFocus={undefined}
          blurOnSubmit={undefined}
          clearButtonMode={undefined}
          clearTextOnFocus={undefined}
          editable={undefined}
          enablesReturnKeyAutomatically={undefined}
          keyboardAppearance={undefined}
          keyboardType={undefined}
          maxLength={undefined}
          multiline={undefined}
          numberOfLines={undefined}
          onBlur={undefined}
          onChange={undefined}
          onChangeText={[Function]}
          onContentSizeChange={undefined}
          onEndEditing={undefined}
          onFocus={undefined}
          onKeyPress={undefined}
          onLayout={undefined}
          onSelectionChange={undefined}
          onSubmitEditing={undefined}
          placeholder={undefined}
          placeholderTextColor={undefined}
          returnKeyType={undefined}
          secureTextEntry={undefined}
          selectTextOnFocus={undefined}
          selectionColor={undefined}
          selectionState={undefined}
          style={
            Object {
              "borderColor": "#cccccc",
              "borderRadius": 4,
              "borderWidth": 1,
              "color": "#000000",
              "fontSize": 17,
              "height": 36,
              "marginBottom": 5,
              "paddingHorizontal": 7,
              "paddingVertical": 7,
            }
          }
          underlineColorAndroid="transparent"
          value=""
        />
      </View>
    </View>
    <View
      style={
        Object {
          "marginBottom": 10,
        }
      }
    >
      <Text
        accessible={true}
        allowFontScaling={true}
        ellipsizeMode="tail"
        style={
          Object {
            "color": "#000000",
            "fontSize": 17,
            "fontWeight": "500",
            "marginBottom": 7,
          }
        }
      >
        Price
      </Text>
      <View
        style={Object {}}
      >
        <TextInput
          accessibilityLabel="Price"
          autoCapitalize={undefined}
          autoCorrect={undefined}
          autoFocus={undefined}
          blurOnSubmit={undefined}
          clearButtonMode={undefined}
          clearTextOnFocus={undefined}
          editable={undefined}
          enablesReturnKeyAutomatically={undefined}
          keyboardAppearance={undefined}
          keyboardType="numeric"
          maxLength={undefined}
          multiline={undefined}
          numberOfLines={undefined}
          onBlur={undefined}
          onChange={undefined}
          onChangeText={[Function]}
          onContentSizeChange={undefined}
          onEndEditing={undefined}
          onFocus={undefined}
          onKeyPress={undefined}
          onLayout={undefined}
          onSelectionChange={undefined}
          onSubmitEditing={undefined}
          placeholder={undefined}
          placeholderTextColor={undefined}
          returnKeyType={undefined}
          secureTextEntry={undefined}
          selectTextOnFocus={undefined}
          selectionColor={undefined}
          selectionState={undefined}
          style={
            Object {
              "borderColor": "#cccccc",
              "borderRadius": 4,
              "borderWidth": 1,
              "color": "#000000",
              "fontSize": 17,
              "height": 36,
              "marginBottom": 5,
              "paddingHorizontal": 7,
              "paddingVertical": 7,
            }
          }
          underlineColorAndroid="transparent"
          value=""
        />
      </View>
    </View>
  </View>
  <View
    style={
      Object {
        "paddingBottom": 10,
        "paddingTop": 10,
      }
    }
  >
    <View
      accessibilityComponentType="button"
      accessibilityLabel={undefined}
      accessibilityTraits={
        Array [
          "button",
        ]
      }
      accessible={true}
      hitSlop={undefined}
      isTVSelectable={true}
      onLayout={undefined}
      onResponderGrant={[Function]}
      onResponderMove={[Function]}
      onResponderRelease={[Function]}
      onResponderTerminate={[Function]}
      onResponderTerminationRequest={[Function]}
      onStartShouldSetResponder={[Function]}
      style={
        Object {
          "opacity": 1,
        }
      }
      testID={undefined}
      tvParallaxProperties={undefined}
    >
      <View
        style={
          Array [
            Object {},
          ]
        }
      >
        <Text
          accessible={true}
          allowFontScaling={true}
          ellipsizeMode="tail"
          style={
            Array [
              Object {
                "color": "#0C42FD",
                "fontSize": 18,
                "padding": 8,
                "textAlign": "center",
              },
            ]
          }
        >
          Add Product
        </Text>
      </View>
    </View>
  </View>
  <View
    style={
      Object {
        "paddingBottom": 10,
        "paddingTop": 10,
      }
    }
  >
    <View
      accessibilityComponentType="button"
      accessibilityLabel={undefined}
      accessibilityTraits={
        Array [
          "button",
        ]
      }
      accessible={true}
      hitSlop={undefined}
      isTVSelectable={true}
      onLayout={undefined}
      onResponderGrant={[Function]}
      onResponderMove={[Function]}
      onResponderRelease={[Function]}
      onResponderTerminate={[Function]}
      onResponderTerminationRequest={[Function]}
      onStartShouldSetResponder={[Function]}
      style={
        Object {
          "opacity": 1,
        }
      }
      testID={undefined}
      tvParallaxProperties={undefined}
    >
      <View
        style={
          Array [
            Object {},
          ]
        }
      >
        <Text
          accessible={true}
          allowFontScaling={true}
          ellipsizeMode="tail"
          style={
            Array [
              Object {
                "color": "#0C42FD",
                "fontSize": 18,
                "padding": 8,
                "textAlign": "center",
              },
              Object {
                "color": "red",
              },
            ]
          }
        >
          Back
        </Text>
      </View>
    </View>
  </View>
</View>
`;
